{ mkDerivation, aeson, base, bytestring, directory, doctest
, edit-distance-vector, filepath, Glob, hashable, hlint, lib, mtl
, optparse-applicative, QuickCheck, quickcheck-instances
, scientific, text, unordered-containers, vector
}:
mkDerivation {
  pname = "aeson-diff";
  version = "1.1.0.4";
  sha256 = "deadbeef";
  isLibrary = true;
  isExecutable = true;
  libraryHaskellDepends = [
    aeson base bytestring edit-distance-vector hashable mtl scientific
    text unordered-containers vector
  ];
  executableHaskellDepends = [
    aeson base bytestring optparse-applicative text
  ];
  testHaskellDepends = [
    aeson base bytestring directory doctest filepath Glob hlint
    QuickCheck quickcheck-instances text unordered-containers vector
  ];
  testTarget = "properties examples doctests hlint-check";
  homepage = "https://github.com/thsutton/aeson-diff";
  description = "Extract and apply patches to JSON documents";
  license = lib.licenses.bsd3;
}
