{ mkDerivation, base, hspec, lib, parsec }:
mkDerivation {
  pname = "bbdb";
  version = "0.8";
  sha256 = "deadbeef";
  libraryHaskellDepends = [ base parsec ];
  testHaskellDepends = [ base hspec parsec ];
  homepage = "https://github.com/henrylaxen/bbdb";
  description = "Ability to read, write, and modify BBDB files";
  license = lib.licenses.gpl3Only;
}
