{ mkDerivation, base, bytes, Cabal, cabal-doctest, doctest, lib
, mtl, transformers
}:
mkDerivation {
  pname = "bits";
  version = "0.5.1";
  sha256 = "deadbeef";
  setupHaskellDepends = [ base Cabal cabal-doctest ];
  libraryHaskellDepends = [ base bytes mtl transformers ];
  testHaskellDepends = [ base doctest ];
  testTarget = "doctests";
  homepage = "http://github.com/ekmett/bits";
  description = "Various bit twiddling and bitwise serialization primitives";
  license = lib.licenses.bsd3;
}
