{ mkDerivation, base, bytestring, lib, silently, tasty
, tasty-golden, tasty-hunit
}:
mkDerivation {
  pname = "countable";
  version = "1.0";
  sha256 = "deadbeef";
  libraryHaskellDepends = [ base ];
  testHaskellDepends = [
    base bytestring silently tasty tasty-golden tasty-hunit
  ];
  testTarget = "tests";
  homepage = "https://github.com/AshleyYakeley/countable";
  description = "Countable, Searchable, Finite, Empty classes";
  license = lib.licenses.bsd3;
}
