{ mkDerivation, array, base, containers, deepseq, hspec, lib
, microbench, QuickCheck, transformers
}:
mkDerivation {
  pname = "fgl";
  version = "5.5.4.0";
  sha256 = "deadbeef";
  libraryHaskellDepends = [
    array base containers deepseq transformers
  ];
  testHaskellDepends = [ base containers hspec QuickCheck ];
  benchmarkHaskellDepends = [ base deepseq microbench ];
  description = "Martin Erwig's Functional Graph Library";
  license = lib.licenses.bsd3;
}
