{ mkDerivation, base, criterion, deepseq, doctest
, inspection-testing, lens, lib, profunctors, QuickCheck, tagged
}:
mkDerivation {
  pname = "generic-lens";
  version = "0.5.1.0";
  sha256 = "deadbeef";
  libraryHaskellDepends = [ base profunctors tagged ];
  testHaskellDepends = [ base doctest inspection-testing lens ];
  benchmarkHaskellDepends = [
    base criterion deepseq lens QuickCheck
  ];
  testTarget = "generic-lens-test generic-lens-test-25 generic-lens-test-24 doctests";
  homepage = "https://github.com/kcsongor/generic-lens";
  description = "Generic data-structure operations exposed as lenses";
  license = lib.licenses.bsd3;
}
