{ mkDerivation, base, genvalidity, genvalidity-hspec, hspec, lib
, QuickCheck, scientific, validity, validity-scientific
}:
mkDerivation {
  pname = "genvalidity-scientific";
  version = "0.1.0.0";
  sha256 = "deadbeef";
  libraryHaskellDepends = [
    base genvalidity QuickCheck scientific validity validity-scientific
  ];
  testHaskellDepends = [
    base genvalidity genvalidity-hspec hspec QuickCheck scientific
  ];
  testTarget = "genvalidity-scientific-test";
  homepage = "https://github.com/NorfairKing/validity#readme";
  description = "GenValidity support for Scientific";
  license = lib.licenses.mit;
}
