{ mkDerivation, base, gogol-core, lib }:
mkDerivation {
  pname = "gogol-resourceviews";
  version = "0.3.0";
  sha256 = "deadbeef";
  libraryHaskellDepends = [ base gogol-core ];
  homepage = "https://github.com/brendanhay/gogol";
  description = "Google Compute Engine Instance Groups SDK";
  license = lib.licenses.free;
}
