{ mkDerivation, aeson, base, bytestring, containers, criterion
, file-embed, lib, old-locale, parsec, tasty, tasty-hspec
, tasty-hunit, text, time, unordered-containers, vector
}:
mkDerivation {
  pname = "htoml";
  version = "1.0.0.3";
  sha256 = "deadbeef";
  libraryHaskellDepends = [
    aeson base containers old-locale parsec text time
    unordered-containers vector
  ];
  testHaskellDepends = [
    aeson base bytestring containers file-embed parsec tasty
    tasty-hspec tasty-hunit text time unordered-containers vector
  ];
  benchmarkHaskellDepends = [
    aeson base containers criterion parsec text time
    unordered-containers vector
  ];
  testTarget = "htoml-test";
  homepage = "https://github.com/cies/htoml";
  description = "Parser for TOML files";
  license = lib.licenses.bsd3;
}
