{ mkDerivation, array, base, bytestring, containers, directory
, filepath, ghc, ghc-boot-th, ghc-paths, ghci, haskeline, hspec
, lib, process, regex-compat, syb, temporary, time, transformers
, unix
}:
mkDerivation {
  pname = "intero";
  version = "0.1.24";
  sha256 = "deadbeef";
  isLibrary = false;
  isExecutable = true;
  enableSeparateDataOutput = true;
  executableHaskellDepends = [
    array base bytestring containers directory filepath ghc ghc-boot-th
    ghc-paths ghci haskeline process syb time transformers unix
  ];
  testHaskellDepends = [
    base directory filepath hspec process regex-compat temporary
    transformers
  ];
  homepage = "https://github.com/commercialhaskell/intero";
  description = "Complete interactive development program for Haskell";
  license = lib.licenses.bsd3;
  mainProgram = "intero";
}
