{ mkDerivation, base, binary, bytestring, containers
, lambdabot-core, lib, mtl, split, time
}:
mkDerivation {
  pname = "lambdabot-social-plugins";
  version = "5.1.0.1";
  sha256 = "deadbeef";
  libraryHaskellDepends = [
    base binary bytestring containers lambdabot-core mtl split time
  ];
  homepage = "https://wiki.haskell.org/Lambdabot";
  description = "Social plugins for Lambdabot";
  license = lib.licenses.gpl2Plus;
}
