{ mkDerivation, base, bytestring, cereal, containers, deepseq, lib
, QuickCheck, test-framework, test-framework-quickcheck2
, test-framework-th
}:
mkDerivation {
  pname = "messagepack";
  version = "0.5.4";
  sha256 = "deadbeef";
  libraryHaskellDepends = [
    base bytestring cereal containers deepseq
  ];
  testHaskellDepends = [
    base bytestring cereal containers QuickCheck test-framework
    test-framework-quickcheck2 test-framework-th
  ];
  testTarget = "messagepack-tests";
  homepage = "https://github.com/rodrigosetti/messagepack";
  description = "Serialize instance for Message Pack Object";
  license = lib.licenses.mit;
}
