{ mkDerivation, attoparsec, attoparsec-binary, base, bytestring
, criterion, hspec, HUnit, lib, storable-record
, unordered-containers, vector, vector-th-unbox
}:
mkDerivation {
  pname = "netpbm";
  version = "1.0.2";
  sha256 = "deadbeef";
  libraryHaskellDepends = [
    attoparsec attoparsec-binary base bytestring storable-record
    unordered-containers vector vector-th-unbox
  ];
  testHaskellDepends = [ base bytestring hspec HUnit vector ];
  benchmarkHaskellDepends = [ base bytestring criterion ];
  testTarget = "tests";
  homepage = "https://github.com/nh2/haskell-netpbm";
  description = "Loading PBM, PGM, PPM image files";
  license = lib.licenses.mit;
}
