{ mkDerivation, base, bytestring, containers, data-accessor, lib
, network, network-transport, network-transport-tests
}:
mkDerivation {
  pname = "network-transport-tcp";
  version = "0.6.0";
  sha256 = "deadbeef";
  libraryHaskellDepends = [
    base bytestring containers data-accessor network network-transport
  ];
  testHaskellDepends = [
    base bytestring network network-transport network-transport-tests
  ];
  testTarget = "TestTCP TestQC";
  homepage = "http://haskell-distributed.github.com";
  description = "TCP instantiation of Network.Transport";
  license = lib.licenses.bsd3;
}
