{ mkDerivation, base, doctest, hedgehog, lib }:
mkDerivation {
  pname = "partial-semigroup";
  version = "0.3.0.2";
  sha256 = "deadbeef";
  libraryHaskellDepends = [ base ];
  testHaskellDepends = [ base doctest hedgehog ];
  homepage = "https://github.com/chris-martin/partial-semigroup";
  description = "A partial binary associative operator";
  license = lib.licenses.asl20;
}
