{ mkDerivation, base, deepseq, directory, lib, old-time, QuickCheck
, random, tagged, time, transformers, utility-ht
}:
mkDerivation {
  pname = "pathtype";
  version = "0.8";
  sha256 = "deadbeef";
  isLibrary = true;
  isExecutable = true;
  libraryHaskellDepends = [
    base deepseq directory old-time QuickCheck tagged time transformers
    utility-ht
  ];
  testHaskellDepends = [ base random ];
  testTarget = "test";
  homepage = "http://hub.darcs.net/thielema/pathtype/";
  description = "Type-safe replacement for System.FilePath etc";
  license = lib.licenses.bsd3;
}
