{ mkDerivation, base, containers, lib, pretty, QuickCheck }:
mkDerivation {
  pname = "presburger";
  version = "1.3.1";
  sha256 = "deadbeef";
  libraryHaskellDepends = [ base containers pretty ];
  testHaskellDepends = [ base QuickCheck ];
  testTarget = "pressburger-qc-tests";
  homepage = "http://github.com/yav/presburger";
  description = "A decision procedure for quantifier-free linear arithmetic";
  license = lib.licenses.bsd3;
}
