{ mkDerivation, base, ghc-prim, lib, transformers }:
mkDerivation {
  pname = "primitive";
  version = "0.6.2.0";
  sha256 = "deadbeef";
  libraryHaskellDepends = [ base ghc-prim transformers ];
  testHaskellDepends = [ base ghc-prim ];
  testTarget = "test";
  homepage = "https://github.com/haskell/primitive";
  description = "Primitive memory-related operations";
  license = lib.licenses.bsd3;
}
