{ mkDerivation, aeson, base, base16-bytestring, bytestring
, cryptonite, hashable, hspec, http-client, http-types, lib, memory
, QuickCheck, scientific, text, time, transformers
, unordered-containers, vector
}:
mkDerivation {
  pname = "pusher-http-haskell";
  version = "1.5.1.0";
  sha256 = "deadbeef";
  libraryHaskellDepends = [
    aeson base base16-bytestring bytestring cryptonite hashable
    http-client http-types memory text time transformers
    unordered-containers vector
  ];
  testHaskellDepends = [
    aeson base base16-bytestring bytestring cryptonite hspec
    http-client http-types QuickCheck scientific text time transformers
    unordered-containers vector
  ];
  testTarget = "tests";
  homepage = "https://github.com/pusher-community/pusher-http-haskell";
  description = "Haskell client library for the Pusher HTTP API";
  license = lib.licenses.mit;
}
