{ mkDerivation, base, binary, HUnit, lib, test-framework
, test-framework-hunit
}:
mkDerivation {
  pname = "rank1dynamic";
  version = "0.4.0";
  sha256 = "deadbeef";
  libraryHaskellDepends = [ base binary ];
  testHaskellDepends = [
    base HUnit test-framework test-framework-hunit
  ];
  testTarget = "TestRank1Dynamic";
  homepage = "http://haskell-distributed.github.com";
  description = "Like Data.Dynamic/Data.Typeable but with support for rank-1 polymorphic types";
  license = lib.licenses.bsd3;
}
