{ mkDerivation, base, lib, ncurses, process, readline }:
mkDerivation {
  pname = "readline";
  version = "1.0.3.0";
  sha256 = "deadbeef";
  libraryHaskellDepends = [ base process ];
  librarySystemDepends = [ ncurses readline ];
  description = "An interface to the GNU readline library";
  license = lib.licenses.gpl2Plus;
}
