{ mkDerivation, base, hsp, hsx2hs, lib, reform, text }:
mkDerivation {
  pname = "reform-hsp";
  version = "0.2.7.1";
  sha256 = "deadbeef";
  libraryHaskellDepends = [ base hsp hsx2hs reform text ];
  homepage = "http://www.happstack.com/";
  description = "Add support for using HSP with Reform";
  license = lib.licenses.bsd3;
}
