{ mkDerivation, array, base, bytestring, containers, lib, pcre
, regex-base
}:
mkDerivation {
  pname = "regex-pcre";
  version = "0.94.4";
  sha256 = "deadbeef";
  libraryHaskellDepends = [
    array base bytestring containers regex-base
  ];
  librarySystemDepends = [ pcre ];
  homepage = "http://hackage.haskell.org/package/regex-pcre";
  description = "Replaces/Enhances Text.Regex";
  license = lib.licenses.bsd3;
}
