{ mkDerivation, array, base, lib, regex-base, regex-posix }:
mkDerivation {
  pname = "regex-compat";
  version = "0.95.1";
  sha256 = "deadbeef";
  libraryHaskellDepends = [ array base regex-base regex-posix ];
  homepage = "http://sourceforge.net/projects/lazy-regex";
  description = "Replaces/Enhances Text.Regex";
  license = lib.licenses.bsd3;
}
