{ mkDerivation, base, lib, transformers }:
mkDerivation {
  pname = "stack-type";
  version = "0.1.0.0";
  sha256 = "deadbeef";
  libraryHaskellDepends = [ base transformers ];
  homepage = "https://github.com/aiya000/hs-stack-type";
  description = "The basic stack type";
  license = lib.licenses.mit;
}
