{ mkDerivation, base, lib, stripe-core, stripe-http-streams }:
mkDerivation {
  pname = "stripe-haskell";
  version = "2.2.3";
  sha256 = "deadbeef";
  libraryHaskellDepends = [ base stripe-core stripe-http-streams ];
  homepage = "https://github.com/dmjio/stripe";
  description = "Stripe API for Haskell";
  license = lib.licenses.mit;
}
