{ mkDerivation, attoparsec, base, bytestring, containers
, JuicyPixels, lens, lib, linear, mtl, scientific, text
, transformers, vector, xml
}:
mkDerivation {
  pname = "svg-tree";
  version = "0.6.2.1";
  sha256 = "deadbeef";
  libraryHaskellDepends = [
    attoparsec base bytestring containers JuicyPixels lens linear mtl
    scientific text transformers vector xml
  ];
  description = "SVG file loader and serializer";
  license = lib.licenses.bsd3;
}
