{ mkDerivation, base, bytestring, chell, lib, system-filepath
, temporary, text, time, transformers, unix
}:
mkDerivation {
  pname = "system-fileio";
  version = "0.3.16.3";
  sha256 = "deadbeef";
  libraryHaskellDepends = [
    base bytestring system-filepath text time unix
  ];
  testHaskellDepends = [
    base bytestring chell system-filepath temporary text time
    transformers unix
  ];
  testTarget = "filesystem_tests";
  homepage = "https://github.com/fpco/haskell-filesystem";
  description = "Consistent filesystem interaction across GHC versions (deprecated)";
  license = lib.licenses.mit;
}
