{ mkDerivation, base, bytestring, containers, directory, filepath
, lib, mtl, pandoc-types, parsec, process, split, syb, temporary
, text, utf8-string, xml
}:
mkDerivation {
  pname = "texmath";
  version = "0.10.1";
  sha256 = "deadbeef";
  isLibrary = true;
  isExecutable = true;
  libraryHaskellDepends = [
    base containers mtl pandoc-types parsec syb xml
  ];
  testHaskellDepends = [
    base bytestring directory filepath process split temporary text
    utf8-string xml
  ];
  homepage = "http://github.com/jgm/texmath";
  description = "Conversion between formats used to represent mathematics";
  license = lib.licenses.gpl2Plus;
}
