{ mkDerivation, base, HUnit, lib, QuickCheck, test-framework
, test-framework-hunit, test-framework-quickcheck2
}:
mkDerivation {
  pname = "unicode-show";
  version = "0.1.0.2";
  sha256 = "deadbeef";
  libraryHaskellDepends = [ base ];
  testHaskellDepends = [
    base HUnit QuickCheck test-framework test-framework-hunit
    test-framework-quickcheck2
  ];
  testTarget = "unicode-show-test";
  homepage = "http://github.com/nushio3/unicode-show#readme";
  description = "print and show in unicode";
  license = lib.licenses.bsd3;
}
