{ mkDerivation, base, lib, mmap, primitive, QuickCheck, temporary
, vector
}:
mkDerivation {
  pname = "vector-mmap";
  version = "0.0.3";
  sha256 = "deadbeef";
  libraryHaskellDepends = [ base mmap primitive vector ];
  testHaskellDepends = [ base QuickCheck temporary vector ];
  homepage = "http://github.com/pumpkin/vector-mmap";
  description = "Memory map immutable and mutable vectors";
  license = lib.licenses.bsd3;
}
