{ mkDerivation, aeson, avers, avers-api, base, base64-bytestring
, bytestring, bytestring-conversion, containers, cookie, cryptonite
, fetchurl, http-types, memory, mtl, resource-pool
, rethinkdb-client-driver, servant, servant-server, stm, text, time
, transformers, wai, wai-websockets, websockets
}:
mkDerivation {
  pname = "avers-server";
  version = "0.1.0";
  src = fetchurl {
    url = "http://example.org/";
    sha256 = "abc";
  };
  libraryHaskellDepends = [
    aeson avers avers-api base base64-bytestring bytestring
    bytestring-conversion containers cookie cryptonite http-types
    memory mtl resource-pool rethinkdb-client-driver servant
    servant-server stm text time transformers wai wai-websockets
    websockets
  ];
  homepage = "http://github.com/wereHamster/avers-server";
  description = "Server implementation of the Avers API";
  license = stdenv.lib.licenses.mit;
}