{ mkDerivation, aeson, array, base, base16-bytestring, bifunctors
, binary, binary-orphans, bytestring, containers, criterion
, deepseq, fetchurl, generics-sop, hashable, nats
, quickcheck-instances, scientific, semigroups, SHA, tagged, tasty
, tasty-quickcheck, text, time, unordered-containers, vector
}:
mkDerivation {
  pname = "binary-tagged";
  version = "0.1.4.2";
  src = fetchurl {
    url = "http://example.org/";
    sha256 = "abc";
  };
  libraryHaskellDepends = [
    aeson array base base16-bytestring binary bytestring containers
    generics-sop hashable nats scientific semigroups SHA tagged text
    time unordered-containers vector
  ];
  testHaskellDepends = [
    aeson array base base16-bytestring bifunctors binary binary-orphans
    bytestring containers generics-sop hashable nats
    quickcheck-instances scientific semigroups SHA tagged tasty
    tasty-quickcheck text time unordered-containers vector
  ];
  benchmarkHaskellDepends = [
    aeson array base base16-bytestring binary binary-orphans bytestring
    containers criterion deepseq generics-sop hashable nats scientific
    semigroups SHA tagged text time unordered-containers vector
  ];
  homepage = "https://github.com/phadej/binary-tagged#readme";
  description = "Tagged binary serialisation";
  license = stdenv.lib.licenses.bsd3;
}