{ mkDerivation, base, bytes, Cabal, cabal-doctest, doctest, mtl
, stdenv, transformers
}:
mkDerivation {
  pname = "bits";
  version = "0.5.1";
  sha256 = "deadbeef";
  setupHaskellDepends = [ base Cabal cabal-doctest ];
  libraryHaskellDepends = [ base bytes mtl transformers ];
  testHaskellDepends = [ base doctest ];
  homepage = "http://github.com/ekmett/bits";
  description = "Various bit twiddling and bitwise serialization primitives";
  license = stdenv.lib.licenses.bsd3;
}
