{ mkDerivation, base, lib, mtl, template-haskell, text }:
mkDerivation {
  pname = "boomerang";
  version = "1.4.5.3";
  sha256 = "deadbeef";
  libraryHaskellDepends = [ base mtl template-haskell text ];
  description = "Library for invertible parsing and printing";
  license = lib.licenses.bsd3;
}
