{ mkDerivation, base, QuickCheck, split, stdenv }:
mkDerivation {
  pname = "boxes";
  version = "0.1.4";
  sha256 = "deadbeef";
  isSimpleBuild = true;
  libraryHaskellDepends = [ base split ];
  testHaskellDepends = [ base QuickCheck split ];
  description = "2D text pretty-printing library";
  license = stdenv.lib.licenses.bsd3;
}
