{ mkDerivation, base, directory, stdenv, unix, utf8-string, X11 }:
mkDerivation {
  pname = "Clipboard";
  version = "2.3.2.0";
  sha256 = "deadbeef";
  isSimpleBuild = true;
  libraryHaskellDepends = [ base directory unix utf8-string X11 ];
  homepage = "http://haskell.org/haskellwiki/Clipboard";
  description = "System clipboard interface";
  license = stdenv.lib.licenses.bsd3;
}
