{ mkDerivation, base, bytestring, containers, dhall, lib
, neat-interpolation, optparse-generic, shell-escape, text
, text-format, trifecta, vector
}:
mkDerivation {
  pname = "dhall-bash";
  version = "1.0.6";
  sha256 = "deadbeef";
  isLibrary = true;
  isExecutable = true;
  libraryHaskellDepends = [
    base bytestring containers dhall neat-interpolation shell-escape
    text text-format vector
  ];
  executableHaskellDepends = [
    base bytestring dhall optparse-generic text trifecta
  ];
  description = "Compile Dhall to Bash";
  license = lib.licenses.bsd3;
}
