{ mkDerivation, base, deepseq, stdenv, transformers }:
mkDerivation {
  pname = "explicit-exception";
  version = "0.1.9";
  sha256 = "deadbeef";
  isSimpleBuild = true;
  isLibrary = true;
  isExecutable = true;
  libraryHaskellDepends = [ base deepseq transformers ];
  homepage = "http://www.haskell.org/haskellwiki/Exception";
  description = "Exceptions which are explicit in the type signature";
  license = stdenv.lib.licenses.bsd3;
}
