{ mkDerivation, base, deepseq, doctest, fetchurl, filemanip
, primitive
}:
mkDerivation {
  pname = "fixed-vector";
  version = "1.0.0.0";
  src = fetchurl {
    url = "http://example.org/";
    sha256 = "abc";
  };
  libraryHaskellDepends = [ base deepseq primitive ];
  testHaskellDepends = [ base doctest filemanip primitive ];
  description = "Generic vectors with statically known size";
  license = stdenv.lib.licenses.bsd3;
}