{ mkDerivation, base, fetchurl }:
mkDerivation {
  pname = "fixed";
  version = "0.2.1.1";
  src = fetchurl {
    url = "http://example.org/";
    sha256 = "abc";
  };
  libraryHaskellDepends = [ base ];
  homepage = "http://github.com/ekmett/fixed";
  description = "Signed 15.16 precision fixed point arithmetic";
  license = stdenv.lib.licenses.bsd3;
}