{ mkDerivation, base, containers, hashable, stdenv
, unordered-containers, vector
}:
mkDerivation {
  pname = "functor-classes-compat";
  version = "1";
  sha256 = "deadbeef";
  libraryHaskellDepends = [
    base containers hashable unordered-containers vector
  ];
  homepage = "https://github.com/phadej/functor-classes-compat#readme";
  description = "Data.Functor.Classes instances for core packages";
  license = stdenv.lib.licenses.bsd3;
}
