{ mkDerivation, base, ghc-prim, pretty, stdenv }:
mkDerivation {
  pname = "GenericPretty";
  version = "1.2.1";
  sha256 = "deadbeef";
  isSimpleBuild = true;
  libraryHaskellDepends = [ base ghc-prim pretty ];
  homepage = "https://github.com/RazvanRanca/GenericPretty";
  description = "A generic, derivable, haskell pretty printer";
  license = stdenv.lib.licenses.bsd3;
}
