{ mkDerivation, base, criterion, deepseq, doctest
, inspection-testing, lens, profunctors, QuickCheck, stdenv, tagged
}:
mkDerivation {
  pname = "generic-lens";
  version = "0.5.1.0";
  sha256 = "deadbeef";
  isSimpleBuild = true;
  libraryHaskellDepends = [ base profunctors tagged ];
  testHaskellDepends = [ base doctest inspection-testing lens ];
  benchmarkHaskellDepends = [
    base criterion deepseq lens QuickCheck
  ];
  homepage = "https://github.com/kcsongor/generic-lens";
  description = "Generic data-structure operations exposed as lenses";
  license = stdenv.lib.licenses.bsd3;
}
