{ mkDerivation, base, gogol-core, lib }:
mkDerivation {
  pname = "gogol-affiliates";
  version = "0.3.0";
  sha256 = "deadbeef";
  libraryHaskellDepends = [ base gogol-core ];
  homepage = "https://github.com/brendanhay/gogol";
  description = "Google Affiliate Network SDK";
  license = "unknown";
  hydraPlatforms = lib.platforms.none;
}
