{ mkDerivation, base, gogol-core, stdenv }:
mkDerivation {
  pname = "gogol-kgsearch";
  version = "0.3.0";
  sha256 = "deadbeef";
  libraryHaskellDepends = [ base gogol-core ];
  homepage = "https://github.com/brendanhay/gogol";
  description = "Google Knowledge Graph Search SDK";
  license = "unknown";
}
