{ mkDerivation, base, bytestring, gsasl, lib, transformers }:
mkDerivation {
  pname = "gsasl";
  version = "0.3.6";
  sha256 = "deadbeef";
  libraryHaskellDepends = [ base bytestring transformers ];
  libraryPkgconfigDepends = [ gsasl ];
  homepage = "https://john-millikin.com/software/haskell-gsasl/";
  description = "Bindings for GNU libgsasl";
  license = lib.licenses.gpl3;
}
