{ mkDerivation, base, lib, mtl, process, strict }:
mkDerivation {
  pname = "Hclip";
  version = "3.0.0.4";
  sha256 = "deadbeef";
  libraryHaskellDepends = [ base mtl process strict ];
  homepage = "https://github.com/jetho/Hclip";
  description = "A small cross-platform library for reading and modifying the system clipboard";
  license = lib.licenses.bsd3;
}
