{ mkDerivation, base, integer-gmp, mpfr, stdenv }:
mkDerivation {
  pname = "hmpfr";
  version = "0.4.3";
  sha256 = "deadbeef";
  isSimpleBuild = true;
  enableSeparateDataOutput = true;
  libraryHaskellDepends = [ base integer-gmp ];
  librarySystemDepends = [ mpfr ];
  homepage = "https://github.com/michalkonecny/hmpfr";
  description = "Haskell binding to the MPFR library";
  license = stdenv.lib.licenses.bsd3;
}
