{ mkDerivation, base, directory, filepath, stdenv }:
mkDerivation {
  pname = "hsinstall";
  version = "1.6";
  sha256 = "deadbeef";
  isLibrary = true;
  isExecutable = true;
  enableSeparateDataOutput = true;
  libraryHaskellDepends = [ base directory filepath ];
  executableHaskellDepends = [ base directory filepath ];
  description = "Install Haskell software";
  license = stdenv.lib.licenses.isc;
}
