{ mkDerivation, base, bytestring, hexpat, hxt, stdenv }:
mkDerivation {
  pname = "hxt-expat";
  version = "9.1.1";
  sha256 = "deadbeef";
  libraryHaskellDepends = [ base bytestring hexpat hxt ];
  homepage = "http://www.fh-wedel.de/~si/HXmlToolbox/index.html";
  description = "Expat parser for HXT";
  license = "unknown";
}
