{ mkDerivation, base, fetchurl }:
mkDerivation {
  pname = "hxt-charproperties";
  version = "9.2.0.1";
  src = fetchurl {
    url = "http://example.org/";
    sha256 = "abc";
  };
  libraryHaskellDepends = [ base ];
  homepage = "https://github.com/UweSchmidt/hxt";
  description = "Character properties and classes for XML and Unicode";
  license = stdenv.lib.licenses.mit;
}