{ mkDerivation, array, base, fetchurl, ghc-prim, integer-gmp
, QuickCheck, smallcheck, tasty, tasty-hunit, tasty-quickcheck
, tasty-smallcheck
}:
mkDerivation {
  pname = "integer-logarithms";
  version = "1.0.2";
  src = fetchurl {
    url = "http://example.org/";
    sha256 = "abc";
  };
  libraryHaskellDepends = [ array base ghc-prim integer-gmp ];
  testHaskellDepends = [
    base QuickCheck smallcheck tasty tasty-hunit tasty-quickcheck
    tasty-smallcheck
  ];
  homepage = "https://github.com/phadej/integer-logarithms";
  description = "Integer logarithms";
  license = stdenv.lib.licenses.mit;
}