{ mkDerivation, base, criterion, groups, lib, semigroupoids
, semigroups
}:
mkDerivation {
  pname = "monoid-extras";
  version = "0.4.2";
  sha256 = "deadbeef";
  libraryHaskellDepends = [ base groups semigroupoids semigroups ];
  benchmarkHaskellDepends = [ base criterion ];
  description = "Various extra monoid-related definitions and utilities";
  license = lib.licenses.bsd3;
}
