{ mkDerivation, base, fetchurl, monad-primitive, mwc-random
, primitive, transformers, vector
}:
mkDerivation {
  pname = "mwc-random-monad";
  version = "0.7.3.1";
  src = fetchurl {
    url = "http://example.org/";
    sha256 = "abc";
  };
  libraryHaskellDepends = [
    base monad-primitive mwc-random primitive transformers vector
  ];
  description = "Monadic interface for mwc-random";
  license = stdenv.lib.licenses.bsd3;
}