{ mkDerivation, base, deepseq, directory, old-time, QuickCheck
, random, stdenv, tagged, time, transformers, utility-ht
}:
mkDerivation {
  pname = "pathtype";
  version = "0.8";
  sha256 = "deadbeef";
  isSimpleBuild = true;
  isLibrary = true;
  isExecutable = true;
  libraryHaskellDepends = [
    base deepseq directory old-time QuickCheck tagged time transformers
    utility-ht
  ];
  testHaskellDepends = [ base random ];
  homepage = "http://hub.darcs.net/thielema/pathtype/";
  description = "Type-safe replacement for System.FilePath etc";
  license = stdenv.lib.licenses.bsd3;
}
