{ mkDerivation, base, containers, exceptions, monad-control, mtl
, pipes, primitive, stdenv, transformers, transformers-base
}:
mkDerivation {
  pname = "pipes-safe";
  version = "2.2.6";
  sha256 = "deadbeef";
  isSimpleBuild = true;
  libraryHaskellDepends = [
    base containers exceptions monad-control mtl pipes primitive
    transformers transformers-base
  ];
  description = "Safety for the pipes ecosystem";
  license = stdenv.lib.licenses.bsd3;
}
