{ mkDerivation, attoparsec, base, haskell-src-meta, stdenv
, template-haskell, text, th-lift-instances
}:
mkDerivation {
  pname = "QuasiText";
  version = "0.1.2.6";
  sha256 = "deadbeef";
  libraryHaskellDepends = [
    attoparsec base haskell-src-meta template-haskell text
    th-lift-instances
  ];
  homepage = "https://github.com/mikeplus64/QuasiText";
  description = "A QuasiQuoter for Text";
  license = stdenv.lib.licenses.bsd3;
}
