{ mkDerivation, base, containers, deepseq, random, stdenv
, template-haskell, tf-random, transformers
}:
mkDerivation {
  pname = "QuickCheck";
  version = "2.10.1";
  sha256 = "deadbeef";
  isSimpleBuild = true;
  libraryHaskellDepends = [
    base containers deepseq random template-haskell tf-random
    transformers
  ];
  testHaskellDepends = [ base ];
  homepage = "https://github.com/nick8325/quickcheck";
  description = "Automatic testing of Haskell programs";
  license = stdenv.lib.licenses.bsd3;
}
