{ mkDerivation, base, bytestring, stdenv, template-haskell, text }:
mkDerivation {
  pname = "rawstring-qm";
  version = "0.2.3.0";
  sha256 = "deadbeef";
  libraryHaskellDepends = [ base bytestring template-haskell text ];
  homepage = "https://github.com/tolysz/rawstring-qm";
  description = "Simple raw string quotation and dictionary interpolation";
  license = stdenv.lib.licenses.bsd3;
}
