{ mkDerivation, base, base-prelude, bifunctors, bytestring
, containers, contravariant, contravariant-extras, deepseq, dlist
, either, fail, fetchurl, hashable, mtl, profunctors, scientific
, semigroupoids, semigroups, stm, text, time, transformers
, unordered-containers, uuid, vector, void
}:
mkDerivation {
  pname = "rebase";
  version = "1.1.1";
  src = fetchurl {
    url = "http://example.org/";
    sha256 = "abc";
  };
  libraryHaskellDepends = [
    base base-prelude bifunctors bytestring containers contravariant
    contravariant-extras deepseq dlist either fail hashable mtl
    profunctors scientific semigroupoids semigroups stm text time
    transformers unordered-containers uuid vector void
  ];
  homepage = "https://github.com/nikita-volkov/rebase";
  description = "A more progressive alternative to the \"base\" package";
  license = stdenv.lib.licenses.mit;
}