{ mkDerivation, base, blaze-html, blaze-markup, reform, stdenv
, text
}:
mkDerivation {
  pname = "reform-blaze";
  version = "0.2.4.3";
  sha256 = "deadbeef";
  isSimpleBuild = true;
  libraryHaskellDepends = [
    base blaze-html blaze-markup reform text
  ];
  homepage = "http://www.happstack.com/";
  description = "Add support for using blaze-html with Reform";
  license = stdenv.lib.licenses.bsd3;
}
