{ mkDerivation, array, base, regex-base, regex-posix, stdenv }:
mkDerivation {
  pname = "regex-compat";
  version = "0.95.1";
  sha256 = "deadbeef";
  isSimpleBuild = true;
  libraryHaskellDepends = [ array base regex-base regex-posix ];
  homepage = "http://sourceforge.net/projects/lazy-regex";
  description = "Replaces/Enhances Text.Regex";
  license = stdenv.lib.licenses.bsd3;
}
