{ mkDerivation, base, containers, fetchurl }:
mkDerivation {
  pname = "rosezipper";
  version = "0.2";
  src = fetchurl {
    url = "http://example.org/";
    sha256 = "abc";
  };
  libraryHaskellDepends = [ base containers ];
  description = "Generic zipper implementation for Data.Tree";
  license = stdenv.lib.licenses.bsd3;
}