{ mkDerivation, base, MonadPrompt, mtl, random-source, stdenv
, transformers
}:
mkDerivation {
  pname = "rvar";
  version = "0.2.0.3";
  sha256 = "deadbeef";
  isSimpleBuild = true;
  libraryHaskellDepends = [
    base MonadPrompt mtl random-source transformers
  ];
  homepage = "https://github.com/mokus0/random-fu";
  description = "Random Variables";
  license = stdenv.lib.licenses.publicDomain;
}
