{ mkDerivation, base, containers, enummapset, lib, psqueues
, utility-ht
}:
mkDerivation {
  pname = "set-cover";
  version = "0.0.8";
  sha256 = "deadbeef";
  isLibrary = true;
  isExecutable = true;
  libraryHaskellDepends = [
    base containers enummapset psqueues utility-ht
  ];
  homepage = "http://hub.darcs.net/thielema/set-cover/";
  description = "Solve exact set cover problems like Sudoku, 8 Queens, Soma Cube, Tetris Cube";
  license = lib.licenses.bsd3;
}
