{ mkDerivation, base, fetchurl, network }:
mkDerivation {
  pname = "splice";
  version = "0.6.1.1";
  src = fetchurl {
    url = "http://example.org/";
    sha256 = "abc";
  };
  libraryHaskellDepends = [ base network ];
  homepage = "http://corsis.github.com/splice/";
  description = "Cross-platform Socket to Socket Data Splicing";
  license = stdenv.lib.licenses.bsd3;
}