{ mkDerivation, array, async, base, blaze-builder, bytestring
, criterion, deepseq, directory, fetchurl, hspec, network, process
, QuickCheck, random, stm, text, transformers, unix, zlib
}:
mkDerivation {
  pname = "streaming-commons";
  version = "0.1.18";
  src = fetchurl {
    url = "http://example.org/";
    sha256 = "abc";
  };
  libraryHaskellDepends = [
    array async base blaze-builder bytestring directory network process
    random stm text transformers unix zlib
  ];
  testHaskellDepends = [
    array async base blaze-builder bytestring deepseq hspec network
    QuickCheck text unix zlib
  ];
  benchmarkHaskellDepends = [
    base blaze-builder bytestring criterion deepseq text
  ];
  homepage = "https://github.com/fpco/streaming-commons";
  description = "Common lower-level functions needed by various streaming data libraries";
  license = stdenv.lib.licenses.mit;
}