{ mkDerivation, aeson, base, bytestring, fetchurl, tasty
, tasty-hunit, text, time, transformers
}:
mkDerivation {
  pname = "swagger";
  version = "0.3.0";
  src = fetchurl {
    url = "http://example.org/";
    sha256 = "abc";
  };
  libraryHaskellDepends = [
    aeson base bytestring text time transformers
  ];
  testHaskellDepends = [ aeson base bytestring tasty tasty-hunit ];
  description = "Implementation of swagger data model";
  license = "unknown";
}