{ mkDerivation, attoparsec, base, blaze-html, blaze-markup
, criterion, directory, hspec, hspec-attoparsec, stdenv, tagsoup
, text, unordered-containers, vector
}:
mkDerivation {
  pname = "taggy";
  version = "0.2.1";
  sha256 = "deadbeef";
  isLibrary = true;
  isExecutable = true;
  enableSeparateDataOutput = true;
  libraryHaskellDepends = [
    attoparsec base blaze-html blaze-markup text unordered-containers
    vector
  ];
  executableHaskellDepends = [ attoparsec base text ];
  testHaskellDepends = [
    attoparsec base blaze-html blaze-markup directory hspec
    hspec-attoparsec text unordered-containers vector
  ];
  benchmarkHaskellDepends = [
    attoparsec base criterion tagsoup text vector
  ];
  homepage = "http://github.com/alpmestan/taggy";
  description = "Efficient and simple HTML/XML parsing library";
  license = stdenv.lib.licenses.bsd3;
}
