{ mkDerivation, base, dlist, fetchurl, QuickCheck
, quickcheck-simple, transformers, transformers-compat
}:
mkDerivation {
  pname = "text-postgresql";
  version = "0.0.2.3";
  src = fetchurl {
    url = "http://example.org/";
    sha256 = "abc";
  };
  libraryHaskellDepends = [
    base dlist transformers transformers-compat
  ];
  testHaskellDepends = [ base QuickCheck quickcheck-simple ];
  homepage = "http://khibino.github.io/haskell-relational-record/";
  description = "Parser and Printer of PostgreSQL extended types";
  license = stdenv.lib.licenses.bsd3;
}