{ mkDerivation, base, deepseq, lib, time }:
mkDerivation {
  pname = "timezone-series";
  version = "0.1.8";
  sha256 = "deadbeef";
  libraryHaskellDepends = [ base deepseq time ];
  homepage = "http://projects.haskell.org/time-ng/";
  description = "Enhanced timezone handling for Data.Time";
  license = lib.licenses.bsd3;
}
