{ mkDerivation, base, containers, stdenv, template-haskell }:
mkDerivation {
  pname = "tuple-th";
  version = "0.2.5";
  sha256 = "deadbeef";
  isSimpleBuild = true;
  libraryHaskellDepends = [ base containers template-haskell ];
  description = "Generate (non-recursive) utility functions for tuples of statically known size";
  license = stdenv.lib.licenses.bsd3;
}
