{ mkDerivation, base, fetchurl, HUnit, QuickCheck, test-framework
, test-framework-hunit, test-framework-quickcheck2
}:
mkDerivation {
  pname = "unicode-show";
  version = "0.1.0.2";
  src = fetchurl {
    url = "http://example.org/";
    sha256 = "abc";
  };
  libraryHaskellDepends = [ base ];
  testHaskellDepends = [
    base HUnit QuickCheck test-framework test-framework-hunit
    test-framework-quickcheck2
  ];
  homepage = "http://github.com/nushio3/unicode-show#readme";
  description = "print and show in unicode";
  license = stdenv.lib.licenses.bsd3;
}