{ mkDerivation, base, QuickCheck, stdenv }:
mkDerivation {
  pname = "utility-ht";
  version = "0.0.14";
  sha256 = "deadbeef";
  libraryHaskellDepends = [ base ];
  testHaskellDepends = [ base QuickCheck ];
  description = "Various small helper functions for Lists, Maybes, Tuples, Functions";
  license = stdenv.lib.licenses.bsd3;
}
