{ mkDerivation, array, async, auto-update, base, blaze-builder
, bytestring, bytestring-builder, case-insensitive, containers
, criterion, directory, doctest, ghc-prim, hashable, hspec, HTTP
, http-date, http-types, http2, HUnit, iproute, lifted-base
, network, process, QuickCheck, silently, simple-sendfile, stdenv
, stm, streaming-commons, text, time, transformers, unix
, unix-compat, vault, wai, word8
}:
mkDerivation {
  pname = "warp";
  version = "3.2.13";
  sha256 = "deadbeef";
  libraryHaskellDepends = [
    array async auto-update base blaze-builder bytestring
    bytestring-builder case-insensitive containers ghc-prim hashable
    http-date http-types http2 iproute network simple-sendfile stm
    streaming-commons text unix unix-compat vault wai word8
  ];
  testHaskellDepends = [
    array async auto-update base blaze-builder bytestring
    bytestring-builder case-insensitive containers directory doctest
    ghc-prim hashable hspec HTTP http-date http-types http2 HUnit
    iproute lifted-base network process QuickCheck silently
    simple-sendfile stm streaming-commons text time transformers unix
    unix-compat vault wai word8
  ];
  benchmarkHaskellDepends = [
    auto-update base bytestring containers criterion hashable http-date
    http-types network unix unix-compat
  ];
  homepage = "http://github.com/yesodweb/wai";
  description = "A fast, light-weight web server for WAI applications";
  license = stdenv.lib.licenses.mit;
}
